// Jest Snapshot v1, https://goo.gl/fbAQLP

exports[`Matches snapshot 1`] = `
<div>
  <nav
    className="header"
  >
    <a
      href="/"
    >
      Reset
    </a>
    <a
      href="https://www.geektrust.in/"
    >
      geektrust
    </a>
  </nav>
</div>
`;
